// Jest Snapshot v1, https://goo.gl/fbAQLP

exports[`Step1 -> CredentialsError component snapshot 1`] = `<span />`;
