// Jest Snapshot v1, https://goo.gl/fbAQLP

exports[`ClipboardField component snapshot 1`] = `
Array [
  <div
    data-testid="test-root"
  >
    <div
      className="chakra-stack css-12dr6av"
    >
      <div
        className="css-ffath9"
      >
        Snapshot Test Value
      </div>
      <svg
        className="chakra-icon css-w4ub0m"
        data-testid="copy-icon"
        focusable={false}
        onBlur={[Function]}
        onClick={[Function]}
        onFocus={[Function]}
        onMouseDown={[Function]}
        onMouseEnter={[Function]}
        viewBox="0 0 24 24"
      >
        <path
          d="M16 1H4c-1.1 0-2 .9-2 2v14h2V3h12V1zm3 4H8c-1.1 0-2 .9-2 2v14c0 1.1.9 2 2 2h11c1.1 0 2-.9 2-2V7c0-1.1-.9-2-2-2zm0 16H8V7h11v14z"
          fill="currentColor"
        />
      </svg>
    </div>
  </div>,
  <span />,
]
`;
