// Jest Snapshot v1, https://goo.gl/fbAQLP

exports[`CurvedBox component snapshot 1`] = `
Array [
  <div
    data-testid="test-root"
  >
    <div
      className="css-t7j6xp"
      data-testid="curved-box"
    />
  </div>,
  <span />,
]
`;
