// Jest Snapshot v1, https://goo.gl/fbAQLP

exports[`Markdown component snapshot 1`] = `
Array [
  <div
    data-testid="test-root"
  >
    test-content
  </div>,
  <span />,
]
`;
