// Jest Snapshot v1, https://goo.gl/fbAQLP

exports[`TimeAgo component snapshot 1`] = `
Array [
  <time
    dateTime="2020-12-15T20:00:00.000Z"
    title="2020-12-15 20:00"
  >
    2 years ago
  </time>,
  <span />,
]
`;
