// Jest Snapshot v1, https://goo.gl/fbAQLP

exports[`DetectedInstallations -> CountBadge component snapshot 1`] = `<span />`;
