// Jest Snapshot v1, https://goo.gl/fbAQLP

exports[`DetectedInstallations -> ErrorPanel component snapshot 1`] = `
Array [
  <div
    data-testid="test-root"
  />,
  <span />,
]
`;
