// Jest Snapshot v1, https://goo.gl/fbAQLP

exports[`EmptyMessage component snapshot 1`] = `
Array [
  <div
    className="css-1y07nh"
  >
    No fields are found
  </div>,
  <span />,
]
`;
