// Jest Snapshot v1, https://goo.gl/fbAQLP

exports[`CurvedBox component snapshot 1`] = `
Array [
  <div
    className="css-t7j6xp"
    data-testid="curved-box"
  />,
  <span />,
]
`;
