// Jest Snapshot v1, https://goo.gl/fbAQLP

exports[`DetectedInstallations -> ListingPanel component snapshot 1`] = `<span />`;
