// Jest Snapshot v1, https://goo.gl/fbAQLP

exports[`DetectedInstallations -> ProgressPanel component snapshot 1`] = `<span />`;
